// Jest Snapshot v1, https://goo.gl/fbAQLP

exports[`Sorts results by set when included Outsiders 1`] = `
[
  "Plague Hive",
  "Uzuri, Switchblade",
  "Uzuri",
  "Arakni, Solitary Confinement",
  "Spider's Bite",
  "Nerve Scalpel",
  "Orbitoclast",
  "Scale Peeler",
  "Redback Shroud",
  "Infiltrate",
  "Shake Down",
  "Spreading Plague",
  "Back Stab",
  "Back Stab",
  "Back Stab",
  "Sneak Attack",
  "Sneak Attack",
  "Sneak Attack",
  "Spike with Bloodrot",
  "Spike with Frailty",
  "Spike with Inertia",
  "Infect",
  "Infect",
  "Infect",
  "Isolate",
  "Isolate",
  "Isolate",
  "Malign",
  "Malign",
  "Malign",
  "Prowl",
  "Prowl",
  "Prowl",
  "Sedate",
  "Sedate",
  "Sedate",
  "Wither",
  "Wither",
  "Wither",
  "Razor's Edge",
  "Razor's Edge",
  "Razor's Edge",
  "Katsu, the Wanderer",
  "Katsu",
  "Benji, the Piercing Wind",
  "Harmonized Kodachi",
  "Mask of Many Faces",
  "Cyclone Roundhouse",
  "Dishonor",
  "Head Leads the Tail",
  "Wander With Purpose",
  "Silverwind Shuriken",
  "Visit the Floating Dojo",
  "Bonds of Ancestry",
  "Bonds of Ancestry",
  "Bonds of Ancestry",
  "Recoil",
  "Recoil",
  "Recoil",
  "Spinning Wheel Kick",
  "Spinning Wheel Kick",
  "Spinning Wheel Kick",
  "Back Heel Kick",
  "Back Heel Kick",
  "Back Heel Kick",
  "Be Like Water",
  "Be Like Water",
  "Be Like Water",
  "Deadly Duo",
  "Deadly Duo",
  "Deadly Duo",
  "Descendent Gustwave",
  "Descendent Gustwave",
  "Descendent Gustwave",
  "Head Jab",
  "Head Jab",
  "Head Jab",
  "One-Two Punch",
  "One-Two Punch",
  "One-Two Punch",
  "Surging Strike",
  "Surging Strike",
  "Surging Strike",
  "Twin Twisters",
  "Twin Twisters",
  "Twin Twisters",
  "Azalea, Ace in the Hole",
  "Azalea",
  "Riptide, Lurker of the Deep",
  "Riptide",
  "Barbed Castaway",
  "Trench of Sunken Treasure",
  "Quiver of Abyssal Depths",
  "Quiver of Rustling Leaves",
  "Crow's Nest",
  "Driftwood Quiver",
  "Wayfinder's Crest",
  "Amplifying Arrow",
  "Barbed Undertow",
  "Buzzsaw Trap",
  "Collapsing Trap",
  "Spike Pit Trap",
  "Melting Point",
  "Boulder Trap",
  "Pendulum Trap",
  "Tarpit Trap",
  "Fletch a Red Tail",
  "Fletch a Yellow Tail",
  "Fletch a Blue Tail",
  "Lace with Bloodrot",
  "Lace with Frailty",
  "Lace with Inertia",
  "Falcon Wing",
  "Falcon Wing",
  "Falcon Wing",
  "Infecting Shot",
  "Infecting Shot",
  "Infecting Shot",
  "Murkmire Grapnel",
  "Murkmire Grapnel",
  "Murkmire Grapnel",
  "Sedation Shot",
  "Sedation Shot",
  "Sedation Shot",
  "Skybound Shot",
  "Skybound Shot",
  "Skybound Shot",
  "Spire Sniping",
  "Spire Sniping",
  "Spire Sniping",
  "Widowmaker",
  "Widowmaker",
  "Widowmaker",
  "Withering Shot",
  "Withering Shot",
  "Withering Shot",
  "Flick Knives",
  "Mask of Shifting Perspectives",
  "Blade Cuff",
  "Stab Wound",
  "Concealed Blade",
  "Knives Out",
  "Bleed Out",
  "Bleed Out",
  "Bleed Out",
  "Hurl",
  "Hurl",
  "Hurl",
  "Plunge",
  "Plunge",
  "Plunge",
  "Short and Sharp",
  "Short and Sharp",
  "Short and Sharp",
  "Mask of Malicious Manifestations",
  "Toxic Tips",
  "Codex of Bloodrot",
  "Codex of Frailty",
  "Codex of Inertia",
  "Death Touch",
  "Death Touch",
  "Death Touch",
  "Toxicity",
  "Toxicity",
  "Toxicity",
  "Virulent Touch",
  "Virulent Touch",
  "Virulent Touch",
  "Bloodrot Trap",
  "Frailty Trap",
  "Inertia Trap",
  "Vambrace of Determination",
  "Seeker's Hood",
  "Seeker's Gilet",
  "Seeker's Mitts",
  "Seeker's Leggings",
  "Silken Gi",
  "Threadbare Tunic",
  "Fisticuffs",
  "Fleet Foot Sandals",
  "Amnesia",
  "Down and Dirty",
  "Give and Take",
  "Gore Belching",
  "Burdens of the Past",
  "Premeditate",
  "Humble",
  "Humble",
  "Humble",
  "Infectious Host",
  "Infectious Host",
  "Infectious Host",
  "Looking for a Scrap",
  "Looking for a Scrap",
  "Looking for a Scrap",
  "Wreck Havoc",
  "Wreck Havoc",
  "Wreck Havoc",
  "Cut Down to Size",
  "Cut Down to Size",
  "Cut Down to Size",
  "Destructive Deliberation",
  "Destructive Deliberation",
  "Destructive Deliberation",
  "Feisty Locals",
  "Feisty Locals",
  "Feisty Locals",
  "Freewheeling Renegades",
  "Freewheeling Renegades",
  "Freewheeling Renegades",
  "Ravenous Rabble",
  "Ravenous Rabble",
  "Ravenous Rabble",
  "Seek Horizon",
  "Seek Horizon",
  "Seek Horizon",
  "Spring Load",
  "Spring Load",
  "Spring Load",
  "Come to Fight",
  "Come to Fight",
  "Come to Fight",
  "Scout the Periphery",
  "Scout the Periphery",
  "Scout the Periphery",
  "Brush Off",
  "Brush Off",
  "Brush Off",
  "Peace of Mind",
  "Peace of Mind",
  "Peace of Mind",
  "Bloodrot Pox",
  "Frailty",
  "Inertia",
  "Ponder",
  "Cracked Bauble",
]
`;
